// Jest Snapshot v1, https://goo.gl/fbAQLP

exports[` 1`] = `
Object {
  "@@redux-saga/IO": true,
  "CALL": Object {
    "args": Array [
      "/api/user",
      Object {
        "body": "",
        "headers": Object {
          "Content-Type": "application/x-www-form-urlencoded",
        },
        "method": "POST",
      },
    ],
    "context": null,
    "fn": [Function],
  },
}
`;
