// Jest Snapshot v1, https://goo.gl/fbAQLP

exports[`makeSelectError should select the error state 1`] = `undefined`;

exports[`makeSelectLoading should select the loading state 1`] = `false`;

exports[`selectAuthPageDomain should select the auth page state 1`] = `
Object {
  "error": undefined,
  "loading": false,
}
`;
