// Jest Snapshot v1, https://goo.gl/fbAQLP

exports[`makeSelectError should select the error state 1`] = `false`;

exports[`makeSelectLoading should select the loading state 1`] = `false`;

exports[`selectSubmissionPageDomain should select the submission page state 1`] = `
Immutable.Map {
  "loading": false,
  "error": false,
}
`;
