// Jest Snapshot v1, https://goo.gl/fbAQLP

exports[` 1`] = `
Object {
  "@@redux-saga/IO": true,
  "CALL": Object {
    "args": Array [
      "http://localhost:8080/api/article/search?q=q",
    ],
    "context": null,
    "fn": [Function],
  },
}
`;
