// Jest Snapshot v1, https://goo.gl/fbAQLP

exports[` 1`] = `
Object {
  "@@redux-saga/IO": true,
  "CALL": Object {
    "args": Array [
      "/api/article/all",
    ],
    "context": null,
    "fn": [Function],
  },
}
`;
